#-----------------------------------------------------------
# Vivado v2018.3 (64-bit)
# SW Build 2405991 on Thu Dec  6 23:38:27 MST 2018
# IP Build 2404404 on Fri Dec  7 01:43:56 MST 2018
# Start of session at: Fri Jul 30 18:08:46 2021
# Process ID: 26736
# Current directory: C:/Users/Alessio/Desktop/localGits/sei-project-temperature/proyectoVHDL
# Command line: vivado.exe -gui_launcher_event rodinguilauncherevent22760 C:\Users\Alessio\Desktop\localGits\sei-project-temperature\proyectoVHDL\proyectoVHDL.xpr
# Log file: C:/Users/Alessio/Desktop/localGits/sei-project-temperature/proyectoVHDL/vivado.log
# Journal file: C:/Users/Alessio/Desktop/localGits/sei-project-temperature/proyectoVHDL\vivado.jou
#-----------------------------------------------------------
start_gui
open_project C:/Users/Alessio/Desktop/localGits/sei-project-temperature/proyectoVHDL/proyectoVHDL.xpr
update_compile_order -fileset sources_1
open_example_project -force -dir C:/Users/Alessio/Desktop/localGits/sei-project-temperature [get_ips  axi_iic_0]
