#-----------------------------------------------------------
# Vivado v2018.3 (64-bit)
# SW Build 2405991 on Thu Dec  6 23:38:27 MST 2018
# IP Build 2404404 on Fri Dec  7 01:43:56 MST 2018
# Start of session at: Mon Aug  2 18:40:02 2021
# Process ID: 6872
# Current directory: C:/Users/Alessio/Desktop/localGits/sei-project-temperature/proyectoVHDL
# Command line: vivado.exe -gui_launcher_event rodinguilauncherevent29440 C:\Users\Alessio\Desktop\localGits\sei-project-temperature\proyectoVHDL\proyectoVHDL.xpr
# Log file: C:/Users/Alessio/Desktop/localGits/sei-project-temperature/proyectoVHDL/vivado.log
# Journal file: C:/Users/Alessio/Desktop/localGits/sei-project-temperature/proyectoVHDL\vivado.jou
#-----------------------------------------------------------
start_gui
open_project C:/Users/Alessio/Desktop/localGits/sei-project-temperature/proyectoVHDL/proyectoVHDL.xpr
update_compile_order -fileset sources_1
launch_simulation
launch_simulation
source Tb_nonsynth.tcl
run all
add_bp {C:/Users/Alessio/Desktop/localGits/sei-project-temperature/proyectoVHDL/proyectoVHDL.srcs/sim_1/new/Tb_nonsynth.vhd} 320
remove_bps -file {C:/Users/Alessio/Desktop/localGits/sei-project-temperature/proyectoVHDL/proyectoVHDL.srcs/sim_1/new/Tb_nonsynth.vhd} -line 320
add_bp {C:/Users/Alessio/Desktop/localGits/sei-project-temperature/proyectoVHDL/proyectoVHDL.srcs/sim_1/new/Tb_nonsynth.vhd} 328
add_bp {C:/Users/Alessio/Desktop/localGits/sei-project-temperature/proyectoVHDL/proyectoVHDL.srcs/sim_1/new/Tb_nonsynth.vhd} 320
remove_bps -file {C:/Users/Alessio/Desktop/localGits/sei-project-temperature/proyectoVHDL/proyectoVHDL.srcs/sim_1/new/Tb_nonsynth.vhd} -line 328
run all
close_sim
launch_simulation
source Tb_nonsynth.tcl
run all
run all
restart
run all
run all
step
step
step
restart
run all
run all
step
add_bp {C:/Users/Alessio/Desktop/localGits/sei-project-temperature/proyectoVHDL/proyectoVHDL.srcs/sim_1/new/Tb_nonsynth.vhd} 310
restart
run all
run all
step
add_bp {C:/Users/Alessio/Desktop/localGits/sei-project-temperature/proyectoVHDL/proyectoVHDL.srcs/sim_1/new/Tb_nonsynth.vhd} 149
run all
step
remove_bps -file {C:/Users/Alessio/Desktop/localGits/sei-project-temperature/proyectoVHDL/proyectoVHDL.srcs/sim_1/new/Tb_nonsynth.vhd} -line 149
run all
step
add_bp {C:/Users/Alessio/Desktop/localGits/sei-project-temperature/proyectoVHDL/proyectoVHDL.srcs/sim_1/new/Tb_nonsynth.vhd} 172
run all
step
step
step
run all
step
step
step
close_sim
launch_simulation
source Tb_nonsynth.tcl
run all
run all
run all
run all
remove_bps -file {C:/Users/Alessio/Desktop/localGits/sei-project-temperature/proyectoVHDL/proyectoVHDL.srcs/sim_1/new/Tb_nonsynth.vhd} -line 172
run all
add_bp {C:/Users/Alessio/Desktop/localGits/sei-project-temperature/proyectoVHDL/proyectoVHDL.srcs/sim_1/new/Tb_nonsynth.vhd} 328
remove_bps -file {C:/Users/Alessio/Desktop/localGits/sei-project-temperature/proyectoVHDL/proyectoVHDL.srcs/sim_1/new/Tb_nonsynth.vhd} -line 328
add_bp {C:/Users/Alessio/Desktop/localGits/sei-project-temperature/proyectoVHDL/proyectoVHDL.srcs/sim_1/new/Tb_nonsynth.vhd} 338
close_sim
launch_simulation
source Tb_nonsynth.tcl
run all
run all
run all
run all
run all
add_bp {C:/Users/Alessio/Desktop/localGits/sei-project-temperature/proyectoVHDL/proyectoVHDL.srcs/sim_1/new/Tb_nonsynth.vhd} 343
add_bp {C:/Users/Alessio/Desktop/localGits/sei-project-temperature/proyectoVHDL/proyectoVHDL.srcs/sim_1/new/Tb_nonsynth.vhd} 359
run all
restart
run all
run all
run all
run all
run all
remove_bps -file {C:/Users/Alessio/Desktop/localGits/sei-project-temperature/proyectoVHDL/proyectoVHDL.srcs/sim_1/new/Tb_nonsynth.vhd} -line 320
close_sim
launch_simulation
source Tb_nonsynth.tcl
run all
run all
run all
run all
run all
run all
run all
restart
run all
run all
run all
run all
run all
run all
run all
run all
add_bp {C:/Users/Alessio/Desktop/localGits/sei-project-temperature/proyectoVHDL/proyectoVHDL.srcs/sim_1/new/Tb_nonsynth.vhd} 371
run all
remove_bps -file {C:/Users/Alessio/Desktop/localGits/sei-project-temperature/proyectoVHDL/proyectoVHDL.srcs/sim_1/new/Tb_nonsynth.vhd} -line 343
remove_bps -file {C:/Users/Alessio/Desktop/localGits/sei-project-temperature/proyectoVHDL/proyectoVHDL.srcs/sim_1/new/Tb_nonsynth.vhd} -line 338
remove_bps -file {C:/Users/Alessio/Desktop/localGits/sei-project-temperature/proyectoVHDL/proyectoVHDL.srcs/sim_1/new/Tb_nonsynth.vhd} -line 359
add_bp {C:/Users/Alessio/Desktop/localGits/sei-project-temperature/proyectoVHDL/proyectoVHDL.srcs/sim_1/new/Tb_nonsynth.vhd} 343
add_bp {C:/Users/Alessio/Desktop/localGits/sei-project-temperature/proyectoVHDL/proyectoVHDL.srcs/sim_1/new/Tb_nonsynth.vhd} 338
add_bp {C:/Users/Alessio/Desktop/localGits/sei-project-temperature/proyectoVHDL/proyectoVHDL.srcs/sim_1/new/Tb_nonsynth.vhd} 359
add_bp {C:/Users/Alessio/Desktop/localGits/sei-project-temperature/proyectoVHDL/proyectoVHDL.srcs/sim_1/new/Tb_nonsynth.vhd} 361
close_sim
launch_simulation
source Tb_nonsynth.tcl
run all
run all
run all
run all
run all
add_bp {C:/Users/Alessio/Desktop/localGits/sei-project-temperature/proyectoVHDL/proyectoVHDL.srcs/sim_1/new/Tb_nonsynth.vhd} 372
run all
add_bp {C:/Users/Alessio/Desktop/localGits/sei-project-temperature/proyectoVHDL/proyectoVHDL.srcs/sim_1/new/Tb_nonsynth.vhd} 379
run all
run all
relaunch_sim
run all
run all
run all
run all
remove_bps -file {C:/Users/Alessio/Desktop/localGits/sei-project-temperature/proyectoVHDL/proyectoVHDL.srcs/sim_1/new/Tb_nonsynth.vhd} -line 379
run all
run all
restart
run all
run all
run all
step
step
add_bp {C:/Users/Alessio/Desktop/localGits/sei-project-temperature/proyectoVHDL/proyectoVHDL.srcs/sim_1/new/Tb_nonsynth.vhd} 166
remove_bps -file {C:/Users/Alessio/Desktop/localGits/sei-project-temperature/proyectoVHDL/proyectoVHDL.srcs/sim_1/new/Tb_nonsynth.vhd} -line 166
add_bp {C:/Users/Alessio/Desktop/localGits/sei-project-temperature/proyectoVHDL/proyectoVHDL.srcs/sim_1/new/Tb_nonsynth.vhd} 166
remove_bps -file {C:/Users/Alessio/Desktop/localGits/sei-project-temperature/proyectoVHDL/proyectoVHDL.srcs/sim_1/new/Tb_nonsynth.vhd} -line 166
add_bp {C:/Users/Alessio/Desktop/localGits/sei-project-temperature/proyectoVHDL/proyectoVHDL.srcs/sim_1/new/Tb_nonsynth.vhd} 166
run all
restart
run all
run all
run all
step
remove_bps -file {C:/Users/Alessio/Desktop/localGits/sei-project-temperature/proyectoVHDL/proyectoVHDL.srcs/sim_1/new/Tb_nonsynth.vhd} -line 166
step
step
step
step
step
step
step
step
step
step
step
step
step
step
step
step
step
step
step
step
step
step
step
step
step
step
step
step
step
step
step
step
step
step
step
step
step
step
step
step
step
step
step
step
step
step
step
step
step
step
run all
run all
run all
restart
run all
run all
run all
run all
run all
run all
run all
restart
close_sim
launch_simulation
source Tb_nonsynth.tcl
run all
run all
restart
run all
run all
step
add_bp {C:/Users/Alessio/Desktop/localGits/sei-project-temperature/proyectoVHDL/proyectoVHDL.srcs/sim_1/new/Tb_nonsynth.vhd} 143
remove_bps -file {C:/Users/Alessio/Desktop/localGits/sei-project-temperature/proyectoVHDL/proyectoVHDL.srcs/sim_1/new/Tb_nonsynth.vhd} -line 143
add_bp {C:/Users/Alessio/Desktop/localGits/sei-project-temperature/proyectoVHDL/proyectoVHDL.srcs/sim_1/new/Tb_nonsynth.vhd} 143
run all
remove_bps -file {C:/Users/Alessio/Desktop/localGits/sei-project-temperature/proyectoVHDL/proyectoVHDL.srcs/sim_1/new/Tb_nonsynth.vhd} -line 143
step
add_bp {C:/Users/Alessio/Desktop/localGits/sei-project-temperature/proyectoVHDL/proyectoVHDL.srcs/sim_1/new/Tb_nonsynth.vhd} 146
run all
remove_bps -file {C:/Users/Alessio/Desktop/localGits/sei-project-temperature/proyectoVHDL/proyectoVHDL.srcs/sim_1/new/Tb_nonsynth.vhd} -line 146
step
add_bp {C:/Users/Alessio/Desktop/localGits/sei-project-temperature/proyectoVHDL/proyectoVHDL.srcs/sim_1/new/Tb_nonsynth.vhd} 149
run all
step
step
remove_bps -file {C:/Users/Alessio/Desktop/localGits/sei-project-temperature/proyectoVHDL/proyectoVHDL.srcs/sim_1/new/Tb_nonsynth.vhd} -line 149
step
step
add_bp {C:/Users/Alessio/Desktop/localGits/sei-project-temperature/proyectoVHDL/proyectoVHDL.srcs/sim_1/new/Tb_nonsynth.vhd} 172
run all
remove_bps -file {C:/Users/Alessio/Desktop/localGits/sei-project-temperature/proyectoVHDL/proyectoVHDL.srcs/sim_1/new/Tb_nonsynth.vhd} -line 172
step
step
step
add_bp {C:/Users/Alessio/Desktop/localGits/sei-project-temperature/proyectoVHDL/proyectoVHDL.srcs/sim_1/new/Tb_nonsynth.vhd} 320
remove_bps -file {C:/Users/Alessio/Desktop/localGits/sei-project-temperature/proyectoVHDL/proyectoVHDL.srcs/sim_1/new/Tb_nonsynth.vhd} -line 320
add_bp {C:/Users/Alessio/Desktop/localGits/sei-project-temperature/proyectoVHDL/proyectoVHDL.srcs/sim_1/new/Tb_nonsynth.vhd} 328
add_bp {C:/Users/Alessio/Desktop/localGits/sei-project-temperature/proyectoVHDL/proyectoVHDL.srcs/sim_1/new/Tb_nonsynth.vhd} 320
run all
relaunch_sim
run all
run all
run all
run all
run all
run all
run all
run all
run all
reset_run synth_1
launch_runs synth_1 -jobs 8
wait_on_run synth_1
reset_run synth_1
launch_runs synth_1 -jobs 8
wait_on_run synth_1
close_sim
launch_simulation
source Tb_nonsynth.tcl
run all
run all
run all
reset_run synth_1
launch_runs synth_1 -jobs 8
wait_on_run synth_1
close_sim
launch_simulation
source Tb_nonsynth.tcl
run all
run all
run all
run all
reset_run synth_1
launch_runs synth_1 -jobs 8
wait_on_run synth_1
close_sim
launch_simulation
source Tb_nonsynth.tcl
run all
run all
run all
relaunch_sim
run all
run all
run all
run all
run all
run all
run all
run all
remove_bps -file {C:/Users/Alessio/Desktop/localGits/sei-project-temperature/proyectoVHDL/proyectoVHDL.srcs/sim_1/new/Tb_nonsynth.vhd} -line 359
add_bp {C:/Users/Alessio/Desktop/localGits/sei-project-temperature/proyectoVHDL/proyectoVHDL.srcs/sim_1/new/Tb_nonsynth.vhd} 359
relaunch_sim
run all
run all
run all
run all
add_bp {C:/Users/Alessio/Desktop/localGits/sei-project-temperature/proyectoVHDL/proyectoVHDL.srcs/sim_1/new/Tb_nonsynth.vhd} 333
run all
run all
run all
relaunch_sim
run all
run all
run all
run all
run all
run all
run all
restart
run all
run all
run all
run all
run all
run all
run all
add_bp {C:/Users/Alessio/Desktop/localGits/sei-project-temperature/proyectoVHDL/proyectoVHDL.srcs/sim_1/new/Tb_nonsynth.vhd} 343
run all
step
run all
reset_run synth_1
launch_runs synth_1 -jobs 8
wait_on_run synth_1
close_sim
launch_simulation
source Tb_nonsynth.tcl
run all
run all
run all
run all
run all
run all
run all
run all
run all
remove_bps -file {C:/Users/Alessio/Desktop/localGits/sei-project-temperature/proyectoVHDL/proyectoVHDL.srcs/sim_1/new/Tb_nonsynth.vhd} -line 359
add_bp {C:/Users/Alessio/Desktop/localGits/sei-project-temperature/proyectoVHDL/proyectoVHDL.srcs/sim_1/new/Tb_nonsynth.vhd} 359
add_bp {C:/Users/Alessio/Desktop/localGits/sei-project-temperature/proyectoVHDL/proyectoVHDL.srcs/sim_1/new/Tb_nonsynth.vhd} 371
relaunch_sim
add_bp {C:/Users/Alessio/Desktop/localGits/sei-project-temperature/proyectoVHDL/proyectoVHDL.srcs/sim_1/new/Tb_nonsynth.vhd} 304
add_bp {C:/Users/Alessio/Desktop/localGits/sei-project-temperature/proyectoVHDL/proyectoVHDL.srcs/sim_1/new/Tb_nonsynth.vhd} 306
add_bp {C:/Users/Alessio/Desktop/localGits/sei-project-temperature/proyectoVHDL/proyectoVHDL.srcs/sim_1/new/Tb_nonsynth.vhd} 311
add_bp {C:/Users/Alessio/Desktop/localGits/sei-project-temperature/proyectoVHDL/proyectoVHDL.srcs/sim_1/new/Tb_nonsynth.vhd} 316
add_bp {C:/Users/Alessio/Desktop/localGits/sei-project-temperature/proyectoVHDL/proyectoVHDL.srcs/sim_1/new/Tb_nonsynth.vhd} 321
add_bp {C:/Users/Alessio/Desktop/localGits/sei-project-temperature/proyectoVHDL/proyectoVHDL.srcs/sim_1/new/Tb_nonsynth.vhd} 329
add_bp {C:/Users/Alessio/Desktop/localGits/sei-project-temperature/proyectoVHDL/proyectoVHDL.srcs/sim_1/new/Tb_nonsynth.vhd} 334
add_bp {C:/Users/Alessio/Desktop/localGits/sei-project-temperature/proyectoVHDL/proyectoVHDL.srcs/sim_1/new/Tb_nonsynth.vhd} 339
add_bp {C:/Users/Alessio/Desktop/localGits/sei-project-temperature/proyectoVHDL/proyectoVHDL.srcs/sim_1/new/Tb_nonsynth.vhd} 344
remove_bps -file {C:/Users/Alessio/Desktop/localGits/sei-project-temperature/proyectoVHDL/proyectoVHDL.srcs/sim_1/new/Tb_nonsynth.vhd} -line 344
add_bp {C:/Users/Alessio/Desktop/localGits/sei-project-temperature/proyectoVHDL/proyectoVHDL.srcs/sim_1/new/Tb_nonsynth.vhd} 360
add_bp {C:/Users/Alessio/Desktop/localGits/sei-project-temperature/proyectoVHDL/proyectoVHDL.srcs/sim_1/new/Tb_nonsynth.vhd} 344
add_bp {C:/Users/Alessio/Desktop/localGits/sei-project-temperature/proyectoVHDL/proyectoVHDL.srcs/sim_1/new/Tb_nonsynth.vhd} 372
restart
run all
run all
run all
run all
run all
run all
run all
run all
run all
run all
relaunch_sim
run all
run all
run all
run all
run all
run all
run all
run all
run all
run all
add_bp {C:/Users/Alessio/Desktop/localGits/sei-project-temperature/proyectoVHDL/proyectoVHDL.srcs/sim_1/new/Tb_nonsynth.vhd} 374
run all
relaunch_sim
run all
run all
run all
run all
run all
run all
run all
run all
run all
reset_run synth_1
launch_runs synth_1 -jobs 8
wait_on_run synth_1
close_sim
launch_simulation
source Tb_nonsynth.tcl
run all
run all
run all
run all
run all
run all
run all
run all
run all
restart
run all
run all
run all
run all
run all
run all
run all
run all
run all
step
step
step
step
step
step
step
step
step
step
step
step
step
step
step
step
step
step
step
step
step
step
step
step
step
step
step
step
step
step
step
step
step
step
step
step
step
step
step
step
step
step
step
step
step
step
step
step
step
step
step
step
step
step
step
step
step
step
step
step
step
step
step
step
step
step
step
step
step
step
step
step
step
step
step
step
step
step
step
step
step
step
step
step
step
step
step
step
step
step
step
step
step
step
step
step
step
step
step
step
step
step
step
step
step
step
step
step
step
step
step
step
step
step
step
step
step
step
step
step
step
step
step
step
step
step
run all
reset_run synth_1
launch_runs synth_1 -jobs 8
wait_on_run synth_1
relaunch_sim
run all
run all
run all
run all
run all
run all
run all
run all
run all
relaunch_sim
run all
run all
add_bp {C:/Users/Alessio/Desktop/localGits/sei-project-temperature/proyectoVHDL/proyectoVHDL.srcs/sim_1/new/Tb_nonsynth.vhd} 305
add_bp {C:/Users/Alessio/Desktop/localGits/sei-project-temperature/proyectoVHDL/proyectoVHDL.srcs/sim_1/new/Tb_nonsynth.vhd} 307
remove_bps -file {C:/Users/Alessio/Desktop/localGits/sei-project-temperature/proyectoVHDL/proyectoVHDL.srcs/sim_1/new/Tb_nonsynth.vhd} -line 306
add_bp {C:/Users/Alessio/Desktop/localGits/sei-project-temperature/proyectoVHDL/proyectoVHDL.srcs/sim_1/new/Tb_nonsynth.vhd} 312
add_bp {C:/Users/Alessio/Desktop/localGits/sei-project-temperature/proyectoVHDL/proyectoVHDL.srcs/sim_1/new/Tb_nonsynth.vhd} 317
add_bp {C:/Users/Alessio/Desktop/localGits/sei-project-temperature/proyectoVHDL/proyectoVHDL.srcs/sim_1/new/Tb_nonsynth.vhd} 322
add_bp {C:/Users/Alessio/Desktop/localGits/sei-project-temperature/proyectoVHDL/proyectoVHDL.srcs/sim_1/new/Tb_nonsynth.vhd} 330
add_bp {C:/Users/Alessio/Desktop/localGits/sei-project-temperature/proyectoVHDL/proyectoVHDL.srcs/sim_1/new/Tb_nonsynth.vhd} 335
add_bp {C:/Users/Alessio/Desktop/localGits/sei-project-temperature/proyectoVHDL/proyectoVHDL.srcs/sim_1/new/Tb_nonsynth.vhd} 340
add_bp {C:/Users/Alessio/Desktop/localGits/sei-project-temperature/proyectoVHDL/proyectoVHDL.srcs/sim_1/new/Tb_nonsynth.vhd} 345
add_bp {C:/Users/Alessio/Desktop/localGits/sei-project-temperature/proyectoVHDL/proyectoVHDL.srcs/sim_1/new/Tb_nonsynth.vhd} 361
add_bp {C:/Users/Alessio/Desktop/localGits/sei-project-temperature/proyectoVHDL/proyectoVHDL.srcs/sim_1/new/Tb_nonsynth.vhd} 373
add_bp {C:/Users/Alessio/Desktop/localGits/sei-project-temperature/proyectoVHDL/proyectoVHDL.srcs/sim_1/new/Tb_nonsynth.vhd} 375
relaunch_sim
run all
run all
run all
run all
run all
run all
run all
run all
run all
restart
run all
run all
run all
run all
run all
run all
run all
run all
run all
run all
relaunch_sim
relaunch_sim
run all
remove_bps -file {C:/Users/Alessio/Desktop/localGits/sei-project-temperature/proyectoVHDL/proyectoVHDL.srcs/sim_1/new/Tb_nonsynth.vhd} -line 322
add_bp {C:/Users/Alessio/Desktop/localGits/sei-project-temperature/proyectoVHDL/proyectoVHDL.srcs/sim_1/new/Tb_nonsynth.vhd} 303
add_bp {C:/Users/Alessio/Desktop/localGits/sei-project-temperature/proyectoVHDL/proyectoVHDL.srcs/sim_1/new/Tb_nonsynth.vhd} 310
add_bp {C:/Users/Alessio/Desktop/localGits/sei-project-temperature/proyectoVHDL/proyectoVHDL.srcs/sim_1/new/Tb_nonsynth.vhd} 315
add_bp {C:/Users/Alessio/Desktop/localGits/sei-project-temperature/proyectoVHDL/proyectoVHDL.srcs/sim_1/new/Tb_nonsynth.vhd} 328
add_bp {C:/Users/Alessio/Desktop/localGits/sei-project-temperature/proyectoVHDL/proyectoVHDL.srcs/sim_1/new/Tb_nonsynth.vhd} 333
add_bp {C:/Users/Alessio/Desktop/localGits/sei-project-temperature/proyectoVHDL/proyectoVHDL.srcs/sim_1/new/Tb_nonsynth.vhd} 338
remove_bps -file {C:/Users/Alessio/Desktop/localGits/sei-project-temperature/proyectoVHDL/proyectoVHDL.srcs/sim_1/new/Tb_nonsynth.vhd} -line 345
add_bp {C:/Users/Alessio/Desktop/localGits/sei-project-temperature/proyectoVHDL/proyectoVHDL.srcs/sim_1/new/Tb_nonsynth.vhd} 343
remove_bps -file {C:/Users/Alessio/Desktop/localGits/sei-project-temperature/proyectoVHDL/proyectoVHDL.srcs/sim_1/new/Tb_nonsynth.vhd} -line 361
add_bp {C:/Users/Alessio/Desktop/localGits/sei-project-temperature/proyectoVHDL/proyectoVHDL.srcs/sim_1/new/Tb_nonsynth.vhd} 359
add_bp {C:/Users/Alessio/Desktop/localGits/sei-project-temperature/proyectoVHDL/proyectoVHDL.srcs/sim_1/new/Tb_nonsynth.vhd} 371
relaunch_sim
run all
run all
run all
run all
run all
run all
run all
run all
run all
relaunch_sim
run all
run all
run all
run all
run all
run all
run all
run all
relaunch_sim
run all
run all
run all
run all
run all
run all
run all
run all
run all
run all
relaunch_sim
run all
run all
run all
run all
run all
run all
run all
run all
run all
run all
close_sim
close_project
create_project UART_VHDL C:/Users/Alessio/Desktop/localGits/sei-project-temperature/UART_VHDL -part xc7a35tcpg236-1
set_property target_language VHDL [current_project]
set_property simulator_language VHDL [current_project]
file mkdir C:/Users/Alessio/Desktop/localGits/sei-project-temperature/UART_VHDL/UART_VHDL.srcs/sources_1/new
close [ open C:/Users/Alessio/Desktop/localGits/sei-project-temperature/UART_VHDL/UART_VHDL.srcs/sources_1/new/UART_RX.vhd w ]
add_files C:/Users/Alessio/Desktop/localGits/sei-project-temperature/UART_VHDL/UART_VHDL.srcs/sources_1/new/UART_RX.vhd
close [ open C:/Users/Alessio/Desktop/localGits/sei-project-temperature/UART_VHDL/UART_VHDL.srcs/sources_1/new/UART_TX.vhd w ]
add_files C:/Users/Alessio/Desktop/localGits/sei-project-temperature/UART_VHDL/UART_VHDL.srcs/sources_1/new/UART_TX.vhd
update_compile_order -fileset sources_1
export_ip_user_files -of_objects  [get_files C:/Users/Alessio/Desktop/localGits/sei-project-temperature/UART_VHDL/UART_VHDL.srcs/sources_1/new/UART_TX.vhd] -no_script -reset -force -quiet
remove_files  C:/Users/Alessio/Desktop/localGits/sei-project-temperature/UART_VHDL/UART_VHDL.srcs/sources_1/new/UART_TX.vhd
file delete -force C:/Users/Alessio/Desktop/localGits/sei-project-temperature/UART_VHDL/UART_VHDL.srcs/sources_1/new/UART_TX.vhd
close [ open C:/Users/Alessio/Desktop/localGits/sei-project-temperature/UART_VHDL/UART_VHDL.srcs/sources_1/new/UART_TX.vhd w ]
add_files C:/Users/Alessio/Desktop/localGits/sei-project-temperature/UART_VHDL/UART_VHDL.srcs/sources_1/new/UART_TX.vhd
update_compile_order -fileset sources_1
file mkdir C:/Users/Alessio/Desktop/localGits/sei-project-temperature/UART_VHDL/UART_VHDL.srcs/sim_1/new
set_property SOURCE_SET sources_1 [get_filesets sim_1]
close [ open C:/Users/Alessio/Desktop/localGits/sei-project-temperature/UART_VHDL/UART_VHDL.srcs/sim_1/new/UART_TB.vhd w ]
add_files -fileset sim_1 C:/Users/Alessio/Desktop/localGits/sei-project-temperature/UART_VHDL/UART_VHDL.srcs/sim_1/new/UART_TB.vhd
update_compile_order -fileset sim_1
update_compile_order -fileset sim_1
launch_runs synth_1 -jobs 8
wait_on_run synth_1
launch_simulation
source uart_tb.tcl
run all
relaunch_sim
add_bp {C:/Users/Alessio/Desktop/localGits/sei-project-temperature/UART_VHDL/UART_VHDL.srcs/sim_1/new/UART_TB.vhd} 123
relaunch_sim
add_bp {C:/Users/Alessio/Desktop/localGits/sei-project-temperature/UART_VHDL/UART_VHDL.srcs/sim_1/new/UART_TB.vhd} 134
run all
run all
add_bp {C:/Users/Alessio/Desktop/localGits/sei-project-temperature/UART_VHDL/UART_VHDL.srcs/sim_1/new/UART_TB.vhd} 124
add_bp {C:/Users/Alessio/Desktop/localGits/sei-project-temperature/UART_VHDL/UART_VHDL.srcs/sim_1/new/UART_TB.vhd} 125
restart
run all
run all
run all
close_sim
